6.0073 	WARNING 	Requested an unavailable screen number - using first available.
6.0094 	WARNING 	User requested fullscreen with size [1920 1080], but screen is actually [2560, 1440]. Using actual size
6.2039 	EXP 	Created window1 = Window(allowGUI=False, allowStencil=False, autoLog=True, backendConf=UNKNOWN, backgroundFit=<method-wrapper '__getattribute__' of attributeSetter object at 0x000001B133241150>, backgroundImage=<method-wrapper '__getattribute__' of attributeSetter object at 0x000001B1332410F0>, bitsMode=UNKNOWN, blendMode='avg', bpc=(8, 8, 8), color=array([-1., -1., -1.]), colorSpace='rgb', depthBits=8, fullscr=True, gamma=None, gammaErrorPolicy='raise', infoMsg=UNKNOWN, lms=UNKNOWN, monitor=<psychopy.monitors.calibTools.Monitor object at 0x000001B133536CB0>, multiSample=False, name='window1', numSamples=2, pos=[np.float64(0.0), np.float64(0.0)], screen=1, size=array([2560, 1440]), stencilBits=0, stereo=False, title='PsychoPy', units='height', useFBO=True, useRetina=False, viewOri=0.0, viewPos=None, viewScale=None, waitBlanking=True, winType='pyglet')
6.2040 	EXP 	window1: backgroundImage = ''
6.2040 	EXP 	window1: backgroundFit = 'none'
6.6396 	EXP 	window1: Attempting to measure frame rate of screen (1) ...
6.6396 	EXP 	window1: recordFrameIntervals = False
6.7949 	EXP 	window1: recordFrameIntervals = True
7.6288 	EXP 	window1: recordFrameIntervals = False
7.6288 	EXP 	Screen (1) actual frame rate measured at 118.99Hz
10.6647 	EXP 	arithmetic_task: status = STARTED
10.7192 	EXP 	Created text_instruction = TextStim(__class__=<class 'psychopy.visual.text.TextStim'>, alignHoriz=method-wrapper(...), alignText='center', alignVert=method-wrapper(...), anchorHoriz='center', anchorVert='center', antialias=True, autoDraw=False, autoLog=True, bold=False, color=array([1., 1., 1.]), colorSpace='rgb', contrast=1.0, depth=0.0, draggable=False, flipHoriz=False, flipVert=False, font='Arial', fontFiles=[], height=np.float64(0.05), italic=False, languageStyle='LTR', name='text_instruction', opacity=1, ori=0.0, pos=array([0., 0.]), rgb=UNKNOWN, text=str(...), units='height', win=Window(...), wrapWidth=1)
10.7218 	EXP 	Created text_equation = TextStim(__class__=<class 'psychopy.visual.text.TextStim'>, alignHoriz=method-wrapper(...), alignText='center', alignVert=method-wrapper(...), anchorHoriz='center', anchorVert='center', antialias=True, autoDraw=False, autoLog=True, bold=False, color=array([1., 1., 1.]), colorSpace='rgb', contrast=1.0, depth=0.0, draggable=False, flipHoriz=False, flipVert=False, font='Open Sans', fontFiles=[], height=0.1, italic=False, languageStyle='LTR', name='text_equation', opacity=1, ori=0.0, pos=array([0. , 0.2]), rgb=UNKNOWN, text='', units='height', win=Window(...), wrapWidth=1)
10.7225 	EXP 	Created text_opt1 = TextStim(__class__=<class 'psychopy.visual.text.TextStim'>, alignHoriz=method-wrapper(...), alignText='center', alignVert=method-wrapper(...), anchorHoriz='center', anchorVert='center', antialias=True, autoDraw=False, autoLog=True, bold=False, color=array([1., 1., 1.]), colorSpace='rgb', contrast=1.0, depth=-1.0, draggable=False, flipHoriz=False, flipVert=False, font='Arial', fontFiles=[], height=0.05, italic=False, languageStyle='LTR', name='text_opt1', opacity=1, ori=0.0, pos=array([0., 0.]), rgb=UNKNOWN, text='', units='height', win=Window(...), wrapWidth=1)
10.7232 	EXP 	Created text_opt2 = TextStim(__class__=<class 'psychopy.visual.text.TextStim'>, alignHoriz=method-wrapper(...), alignText='center', alignVert=method-wrapper(...), anchorHoriz='center', anchorVert='center', antialias=True, autoDraw=False, autoLog=True, bold=False, color=array([1., 1., 1.]), colorSpace='rgb', contrast=1.0, depth=-2.0, draggable=False, flipHoriz=False, flipVert=False, font='Arial', fontFiles=[], height=0.05, italic=False, languageStyle='LTR', name='text_opt2', opacity=1, ori=0.0, pos=array([ 0. , -0.1]), rgb=UNKNOWN, text='', units='height', win=Window(...), wrapWidth=1)
10.7239 	EXP 	Created text_opt3 = TextStim(__class__=<class 'psychopy.visual.text.TextStim'>, alignHoriz=method-wrapper(...), alignText='center', alignVert=method-wrapper(...), anchorHoriz='center', anchorVert='center', antialias=True, autoDraw=False, autoLog=True, bold=False, color=array([1., 1., 1.]), colorSpace='rgb', contrast=1.0, depth=-3.0, draggable=False, flipHoriz=False, flipVert=False, font='Arial', fontFiles=[], height=0.05, italic=False, languageStyle='LTR', name='text_opt3', opacity=1, ori=0.0, pos=array([ 0. , -0.2]), rgb=UNKNOWN, text='', units='height', win=Window(...), wrapWidth=1)
10.7265 	EXP 	Created text_2 = TextStim(__class__=<class 'psychopy.visual.text.TextStim'>, alignHoriz=method-wrapper(...), alignText='center', alignVert=method-wrapper(...), anchorHoriz='center', anchorVert='center', antialias=True, autoDraw=False, autoLog=True, bold=False, color=array([1., 1., 1.]), colorSpace='rgb', contrast=1.0, depth=0.0, draggable=False, flipHoriz=False, flipVert=False, font='Arial', fontFiles=[], height=np.float64(0.05), italic=False, languageStyle='LTR', name='text_2', opacity=1, ori=0.0, pos=array([0., 0.]), rgb=UNKNOWN, text='+', units='height', win=Window(...), wrapWidth=1)
10.7272 	EXP 	Created text_feedback = TextStim(__class__=<class 'psychopy.visual.text.TextStim'>, alignHoriz=method-wrapper(...), alignText='center', alignVert=method-wrapper(...), anchorHoriz='center', anchorVert='center', antialias=True, autoDraw=False, autoLog=True, bold=False, color=array([1., 1., 1.]), colorSpace='rgb', contrast=1.0, depth=0.0, draggable=False, flipHoriz=False, flipVert=False, font='Arial', fontFiles=[], height=0.05, italic=False, languageStyle='LTR', name='text_feedback', opacity=1, ori=0.0, pos=array([0., 0.]), rgb=UNKNOWN, text='', units='height', win=Window(...), wrapWidth=1)
10.7339 	EXP 	Created text = TextStim(__class__=<class 'psychopy.visual.text.TextStim'>, alignHoriz=method-wrapper(...), alignText='center', alignVert=method-wrapper(...), anchorHoriz='center', anchorVert='center', antialias=True, autoDraw=False, autoLog=True, bold=False, color=array([1., 1., 1.]), colorSpace='rgb', contrast=1.0, depth=0.0, draggable=False, flipHoriz=False, flipVert=False, font='Arial', fontFiles=[], height=np.float64(0.05), italic=False, languageStyle='LTR', name='text', opacity=1, ori=0.0, pos=array([0., 0.]), rgb=UNKNOWN, text=str(...), units='height', win=Window(...), wrapWidth=1)
10.7463 	EXP 	Created text_q1 = TextStim(__class__=<class 'psychopy.visual.text.TextStim'>, alignHoriz=method-wrapper(...), alignText='center', alignVert=method-wrapper(...), anchorHoriz='center', anchorVert='center', antialias=True, autoDraw=False, autoLog=True, bold=False, color=array([1., 1., 1.]), colorSpace='rgb', contrast=1.0, depth=0.0, draggable=False, flipHoriz=False, flipVert=False, font='Arial', fontFiles=[], height=np.float64(0.05), italic=False, languageStyle='LTR', name='text_q1', opacity=1, ori=0.0, pos=array([0., 0.]), rgb=UNKNOWN, text=str(...), units='height', win=Window(...), wrapWidth=1)
10.7565 	EXP 	Created text_endscreen = TextStim(__class__=<class 'psychopy.visual.text.TextStim'>, alignHoriz=method-wrapper(...), alignText='center', alignVert=method-wrapper(...), anchorHoriz='center', anchorVert='center', antialias=True, autoDraw=False, autoLog=True, bold=False, color=array([1., 1., 1.]), colorSpace='rgb', contrast=1.0, depth=0.0, draggable=False, flipHoriz=False, flipVert=False, font='Open Sans', fontFiles=[], height=np.float64(0.05), italic=False, languageStyle='LTR', name='text_endscreen', opacity=1, ori=0.0, pos=array([0., 0.]), rgb=UNKNOWN, text=str(...), units='height', win=Window(...), wrapWidth=1)
0.0050 	EXP 	text_instruction: autoDraw = True
1.2171 	EXP 	Device response: <KeyPress from None: t=1.197585599962622, value=space, duration=None>
1.2399 	EXP 	Imported math_cond_file.csv as conditions, 50 conditions, 5 params
1.2404 	EXP 	New trial (rep=0, index=0): <Trial 0 (0 in rep 0) data={'math_eq': '42 - 9', 'CorrAns': np.int64(33), 'dstr1': np.int64(31), 'dstr2': np.int64(23), 'CorrAns_key': np.int64(2), 'thisN': 0, 'thisTrialN': 0, 'thisRepN': 0}>
1.2665 	DATA 	Keypress: space
1.2682 	EXP 	text_instruction: autoDraw = False
1.2682 	EXP 	text_equation: height = np.float64(0.1)
1.2682 	EXP 	text_equation: height = np.float64(0.1)
1.2682 	EXP 	text_equation: height = np.float64(0.1)
1.2682 	EXP 	text_equation: text = '42 - 9'
1.2682 	EXP 	text_opt1: height = np.float64(0.05)
1.2682 	EXP 	text_opt1: height = np.float64(0.05)
1.2682 	EXP 	text_opt1: height = np.float64(0.05)
1.2682 	EXP 	text_opt1: text = '1. 31'
1.2682 	EXP 	text_opt2: height = np.float64(0.05)
1.2682 	EXP 	text_opt2: height = np.float64(0.05)
1.2682 	EXP 	text_opt2: height = np.float64(0.05)
1.2682 	EXP 	text_opt2: text = '2. 33'
1.2682 	EXP 	text_opt3: height = np.float64(0.05)
1.2682 	EXP 	text_opt3: height = np.float64(0.05)
1.2682 	EXP 	text_opt3: height = np.float64(0.05)
1.2682 	EXP 	text_opt3: text = '3. 23'
1.2682 	EXP 	text_equation: autoDraw = True
1.2682 	EXP 	text_opt1: autoDraw = True
1.2682 	EXP 	text_opt2: autoDraw = True
1.2682 	EXP 	text_opt3: autoDraw = True
1.3300 	EXP 	Device response: <KeyPress from None: t=1.197585599962622, value=space, duration=0.12796570011414587>
3.3138 	EXP 	Device response: <KeyPress from None: t=3.3098889999091625, value=1, duration=None>
3.3154 	DATA 	Keypress: 1
3.3218 	EXP 	text_equation: autoDraw = False
3.3218 	EXP 	text_opt1: autoDraw = False
3.3218 	EXP 	text_opt2: autoDraw = False
3.3218 	EXP 	text_opt3: autoDraw = False
3.3218 	EXP 	text_2: autoDraw = True
3.4385 	EXP 	Device response: <KeyPress from None: t=3.3098889999091625, value=1, duration=0.12827010010369122>
5.3133 	EXP 	text_2: autoDraw = False
5.3133 	EXP 	text_2: autoDraw = False
5.3133 	EXP 	text_feedback: height = np.float64(0.05)
5.3133 	EXP 	text_feedback: height = np.float64(0.05)
5.3133 	EXP 	text_feedback: height = np.float64(0.05)
5.3133 	EXP 	text_feedback: text = 'Incorrect!'
5.3133 	EXP 	text_feedback: autoDraw = True
8.3005 	EXP 	New trial (rep=0, index=1): <Trial 1 (1 in rep 0) data={'math_eq': '11 * 3', 'CorrAns': np.int64(33), 'dstr1': np.int64(31), 'dstr2': np.int64(38), 'CorrAns_key': np.int64(1), 'thisN': 1, 'thisTrialN': 1, 'thisRepN': 0}>
8.3212 	EXP 	text_feedback: autoDraw = False
8.3212 	EXP 	text_feedback: autoDraw = False
8.3212 	EXP 	text_equation: height = np.float64(0.1)
8.3212 	EXP 	text_equation: height = np.float64(0.1)
8.3212 	EXP 	text_equation: height = np.float64(0.1)
8.3212 	EXP 	text_equation: text = '11 * 3'
8.3212 	EXP 	text_opt1: height = np.float64(0.05)
8.3212 	EXP 	text_opt1: height = np.float64(0.05)
8.3212 	EXP 	text_opt1: height = np.float64(0.05)
8.3212 	EXP 	text_opt1: text = '1. 33'
8.3212 	EXP 	text_opt2: height = np.float64(0.05)
8.3212 	EXP 	text_opt2: height = np.float64(0.05)
8.3212 	EXP 	text_opt2: height = np.float64(0.05)
8.3212 	EXP 	text_opt2: text = '2. 31'
8.3212 	EXP 	text_opt3: height = np.float64(0.05)
8.3212 	EXP 	text_opt3: height = np.float64(0.05)
8.3212 	EXP 	text_opt3: height = np.float64(0.05)
8.3212 	EXP 	text_opt3: text = '3. 38'
8.3212 	EXP 	text_equation: autoDraw = True
8.3212 	EXP 	text_opt1: autoDraw = True
8.3212 	EXP 	text_opt2: autoDraw = True
8.3212 	EXP 	text_opt3: autoDraw = True
9.6306 	EXP 	Device response: <KeyPress from None: t=9.63024100009352, value=1, duration=None>
9.6317 	DATA 	Keypress: 1
9.6383 	EXP 	text_equation: autoDraw = False
9.6383 	EXP 	text_opt1: autoDraw = False
9.6383 	EXP 	text_opt2: autoDraw = False
9.6383 	EXP 	text_opt3: autoDraw = False
9.6383 	EXP 	text_2: autoDraw = True
9.7469 	EXP 	Device response: <KeyPress from None: t=9.63024100009352, value=1, duration=0.11136149987578392>
11.6302 	EXP 	text_2: autoDraw = False
11.6302 	EXP 	text_2: autoDraw = False
11.6302 	EXP 	text_feedback: height = np.float64(0.05)
11.6302 	EXP 	text_feedback: height = np.float64(0.05)
11.6302 	EXP 	text_feedback: height = np.float64(0.05)
11.6302 	EXP 	text_feedback: text = 'Correct!'
11.6302 	EXP 	text_feedback: autoDraw = True
14.6178 	EXP 	New trial (rep=0, index=2): <Trial 2 (2 in rep 0) data={'math_eq': '118 / 2', 'CorrAns': np.int64(59), 'dstr1': np.int64(63), 'dstr2': np.int64(57), 'CorrAns_key': np.int64(2), 'thisN': 2, 'thisTrialN': 2, 'thisRepN': 0}>
14.6317 	EXP 	text_feedback: autoDraw = False
14.6317 	EXP 	text_feedback: autoDraw = False
14.6317 	EXP 	text_equation: height = np.float64(0.1)
14.6317 	EXP 	text_equation: height = np.float64(0.1)
14.6317 	EXP 	text_equation: height = np.float64(0.1)
14.6317 	EXP 	text_equation: text = '118 / 2'
14.6317 	EXP 	text_opt1: height = np.float64(0.05)
14.6317 	EXP 	text_opt1: height = np.float64(0.05)
14.6317 	EXP 	text_opt1: height = np.float64(0.05)
14.6317 	EXP 	text_opt1: text = '1. 63'
14.6317 	EXP 	text_opt2: height = np.float64(0.05)
14.6317 	EXP 	text_opt2: height = np.float64(0.05)
14.6317 	EXP 	text_opt2: height = np.float64(0.05)
14.6317 	EXP 	text_opt2: text = '2. 59'
14.6317 	EXP 	text_opt3: height = np.float64(0.05)
14.6317 	EXP 	text_opt3: height = np.float64(0.05)
14.6317 	EXP 	text_opt3: height = np.float64(0.05)
14.6317 	EXP 	text_opt3: text = '3. 57'
14.6317 	EXP 	text_equation: autoDraw = True
14.6317 	EXP 	text_opt1: autoDraw = True
14.6317 	EXP 	text_opt2: autoDraw = True
14.6317 	EXP 	text_opt3: autoDraw = True
23.0396 	DATA 	Keypress: 2
23.0476 	EXP 	Device response: <KeyPress from None: t=23.03888659994118, value=2, duration=None>
23.0550 	EXP 	text_equation: autoDraw = False
23.0550 	EXP 	text_opt1: autoDraw = False
23.0550 	EXP 	text_opt2: autoDraw = False
23.0550 	EXP 	text_opt3: autoDraw = False
23.0550 	EXP 	text_2: autoDraw = True
23.1556 	EXP 	Device response: <KeyPress from None: t=23.03888659994118, value=2, duration=0.11049790005199611>
25.0468 	EXP 	text_2: autoDraw = False
25.0468 	EXP 	text_2: autoDraw = False
25.0468 	EXP 	text_feedback: text = 'Correct!'
25.0468 	EXP 	text_feedback: autoDraw = True
28.0347 	EXP 	New trial (rep=0, index=3): <Trial 3 (3 in rep 0) data={'math_eq': '36 - 13', 'CorrAns': np.int64(23), 'dstr1': np.int64(28), 'dstr2': np.int64(22), 'CorrAns_key': np.int64(2), 'thisN': 3, 'thisTrialN': 3, 'thisRepN': 0}>
28.0445 	EXP 	text_feedback: autoDraw = False
28.0445 	EXP 	text_feedback: autoDraw = False
28.0445 	EXP 	text_equation: height = np.float64(0.1)
28.0445 	EXP 	text_equation: height = np.float64(0.1)
28.0445 	EXP 	text_equation: height = np.float64(0.1)
28.0445 	EXP 	text_equation: text = '36 - 13'
28.0445 	EXP 	text_opt1: height = np.float64(0.05)
28.0445 	EXP 	text_opt1: height = np.float64(0.05)
28.0445 	EXP 	text_opt1: height = np.float64(0.05)
28.0445 	EXP 	text_opt1: text = '1. 28'
28.0445 	EXP 	text_opt2: height = np.float64(0.05)
28.0445 	EXP 	text_opt2: height = np.float64(0.05)
28.0445 	EXP 	text_opt2: height = np.float64(0.05)
28.0445 	EXP 	text_opt2: text = '2. 23'
28.0445 	EXP 	text_opt3: height = np.float64(0.05)
28.0445 	EXP 	text_opt3: height = np.float64(0.05)
28.0445 	EXP 	text_opt3: height = np.float64(0.05)
28.0445 	EXP 	text_opt3: text = '3. 22'
28.0445 	EXP 	text_equation: autoDraw = True
28.0445 	EXP 	text_opt1: autoDraw = True
28.0445 	EXP 	text_opt2: autoDraw = True
28.0445 	EXP 	text_opt3: autoDraw = True
30.5810 	EXP 	Device response: <KeyPress from None: t=30.5742595999036, value=2, duration=None>
30.5820 	DATA 	Keypress: 2
30.5891 	EXP 	text_equation: autoDraw = False
30.5891 	EXP 	text_opt1: autoDraw = False
30.5891 	EXP 	text_opt2: autoDraw = False
30.5891 	EXP 	text_opt3: autoDraw = False
30.5891 	EXP 	text_2: autoDraw = True
30.6727 	EXP 	Device response: <KeyPress from None: t=30.5742595999036, value=2, duration=0.0954829000402242>
32.5804 	EXP 	text_2: autoDraw = False
32.5804 	EXP 	text_2: autoDraw = False
32.5804 	EXP 	text_feedback: text = 'Correct!'
32.5804 	EXP 	text_feedback: autoDraw = True
33.3977 	EXP 	Device response: <KeyPress from None: t=33.38963899994269, value=escape, duration=None>
33.3981 	DATA 	Keypress: escape
33.5225 	EXP 	Device response: <KeyPress from None: t=33.38963899994269, value=escape, duration=0.1282961000688374>
33.5226 	EXP 	arithmetic_task: status = STOPPED
33.5306 	EXP 	text_feedback: autoDraw = False
33.5306 	EXP 	arithmetic_task: status = STOPPED
