7.9240 	WARNING 	Requested an unavailable screen number - using first available.
7.9260 	WARNING 	User requested fullscreen with size [1920 1080], but screen is actually [2560, 1440]. Using actual size
12.6870 	WARNING 	Font b'Open Sans' was requested. No similar font found.
12.6916 	WARNING 	Font b'Open Sans' was requested. No similar font found.
12.7121 	WARNING 	Font b'Open Sans' was requested. No similar font found.
12.7160 	WARNING 	Font b'Open Sans' was requested. No similar font found.
12.7200 	WARNING 	Font b'Open Sans' was requested. No similar font found.
12.7240 	WARNING 	Font b'Open Sans' was requested. No similar font found.
12.7279 	WARNING 	Font b'Open Sans' was requested. No similar font found.
12.7318 	WARNING 	Font b'Open Sans' was requested. No similar font found.
12.7735 	WARNING 	Font b'Open Sans' was requested. No similar font found.
12.7962 	WARNING 	Font b'Open Sans' was requested. No similar font found.
12.8004 	WARNING 	Font b'Open Sans' was requested. No similar font found.
12.8205 	WARNING 	Font b'Open Sans' was requested. No similar font found.
12.8283 	WARNING 	Font b'Open Sans' was requested. No similar font found.
12.8448 	WARNING 	Font b'Open Sans' was requested. No similar font found.
12.8895 	WARNING 	Font b'Open Sans' was requested. No similar font found.
12.8937 	WARNING 	Font b'Open Sans' was requested. No similar font found.
12.8977 	WARNING 	Font b'Open Sans' was requested. No similar font found.
12.9020 	WARNING 	Font b'Open Sans' was requested. No similar font found.
12.9060 	WARNING 	Font b'Open Sans' was requested. No similar font found.
12.9102 	WARNING 	Font b'Open Sans' was requested. No similar font found.
27.9454 	WARNING 	Requested image 'stimuli/scenes/scene_J1.png' not found but similar filename 'stimuli/scenes/scene_J1.jpg' exists. This will be used instead but changing the filename is advised.
28.0090 	WARNING 	Requested image 'stimuli/scenes/scene_J2.png' not found but similar filename 'stimuli/scenes/scene_J2.jpg' exists. This will be used instead but changing the filename is advised.
28.0627 	WARNING 	Requested image 'stimuli/scenes/scene_U1.png' not found but similar filename 'stimuli/scenes/scene_U1.jpg' exists. This will be used instead but changing the filename is advised.
28.0958 	WARNING 	Requested image 'stimuli/scenes/scene_U2.png' not found but similar filename 'stimuli/scenes/scene_U2.jpg' exists. This will be used instead but changing the filename is advised.
