9.4945 	WARNING 	Requested an unavailable screen number - using first available.
9.4965 	WARNING 	User requested fullscreen with size [1920 1080], but screen is actually [2560, 1440]. Using actual size
14.3077 	WARNING 	Font b'Open Sans' was requested. No similar font found.
14.3123 	WARNING 	Font b'Open Sans' was requested. No similar font found.
14.3328 	WARNING 	Font b'Open Sans' was requested. No similar font found.
14.3366 	WARNING 	Font b'Open Sans' was requested. No similar font found.
14.3405 	WARNING 	Font b'Open Sans' was requested. No similar font found.
14.3445 	WARNING 	Font b'Open Sans' was requested. No similar font found.
14.3484 	WARNING 	Font b'Open Sans' was requested. No similar font found.
14.3522 	WARNING 	Font b'Open Sans' was requested. No similar font found.
14.3924 	WARNING 	Font b'Open Sans' was requested. No similar font found.
14.4147 	WARNING 	Font b'Open Sans' was requested. No similar font found.
14.4187 	WARNING 	Font b'Open Sans' was requested. No similar font found.
14.4385 	WARNING 	Font b'Open Sans' was requested. No similar font found.
14.4458 	WARNING 	Font b'Open Sans' was requested. No similar font found.
14.4620 	WARNING 	Font b'Open Sans' was requested. No similar font found.
14.5075 	WARNING 	Font b'Open Sans' was requested. No similar font found.
14.5117 	WARNING 	Font b'Open Sans' was requested. No similar font found.
14.5157 	WARNING 	Font b'Open Sans' was requested. No similar font found.
14.5200 	WARNING 	Font b'Open Sans' was requested. No similar font found.
14.5238 	WARNING 	Font b'Open Sans' was requested. No similar font found.
14.5280 	WARNING 	Font b'Open Sans' was requested. No similar font found.
23.7502 	WARNING 	Requested image 'stimuli/scenes/scene_J1.png' not found but similar filename 'stimuli/scenes/scene_J1.jpg' exists. This will be used instead but changing the filename is advised.
23.8133 	WARNING 	Requested image 'stimuli/scenes/scene_J2.png' not found but similar filename 'stimuli/scenes/scene_J2.jpg' exists. This will be used instead but changing the filename is advised.
23.8733 	WARNING 	Requested image 'stimuli/scenes/scene_U1.png' not found but similar filename 'stimuli/scenes/scene_U1.jpg' exists. This will be used instead but changing the filename is advised.
23.9428 	WARNING 	Requested image 'stimuli/scenes/scene_U2.png' not found but similar filename 'stimuli/scenes/scene_U2.jpg' exists. This will be used instead but changing the filename is advised.
