8.8547 	WARNING 	Requested an unavailable screen number - using first available.
8.8567 	WARNING 	User requested fullscreen with size [1920 1080], but screen is actually [2560, 1440]. Using actual size
13.6517 	WARNING 	Font b'Open Sans' was requested. No similar font found.
13.6563 	WARNING 	Font b'Open Sans' was requested. No similar font found.
13.6772 	WARNING 	Font b'Open Sans' was requested. No similar font found.
13.6812 	WARNING 	Font b'Open Sans' was requested. No similar font found.
13.6852 	WARNING 	Font b'Open Sans' was requested. No similar font found.
13.6892 	WARNING 	Font b'Open Sans' was requested. No similar font found.
13.6931 	WARNING 	Font b'Open Sans' was requested. No similar font found.
13.6970 	WARNING 	Font b'Open Sans' was requested. No similar font found.
13.7378 	WARNING 	Font b'Open Sans' was requested. No similar font found.
13.7602 	WARNING 	Font b'Open Sans' was requested. No similar font found.
13.7643 	WARNING 	Font b'Open Sans' was requested. No similar font found.
13.7843 	WARNING 	Font b'Open Sans' was requested. No similar font found.
13.7919 	WARNING 	Font b'Open Sans' was requested. No similar font found.
13.8082 	WARNING 	Font b'Open Sans' was requested. No similar font found.
13.8531 	WARNING 	Font b'Open Sans' was requested. No similar font found.
13.8573 	WARNING 	Font b'Open Sans' was requested. No similar font found.
13.8612 	WARNING 	Font b'Open Sans' was requested. No similar font found.
13.8656 	WARNING 	Font b'Open Sans' was requested. No similar font found.
13.8695 	WARNING 	Font b'Open Sans' was requested. No similar font found.
13.8737 	WARNING 	Font b'Open Sans' was requested. No similar font found.
36.8341 	WARNING 	Requested image 'stimuli/scenes/scene_J1.png' not found but similar filename 'stimuli/scenes/scene_J1.jpg' exists. This will be used instead but changing the filename is advised.
36.8565 	WARNING 	Requested image 'stimuli/scenes/scene_J2.png' not found but similar filename 'stimuli/scenes/scene_J2.jpg' exists. This will be used instead but changing the filename is advised.
36.8790 	WARNING 	Requested image 'stimuli/scenes/scene_U1.png' not found but similar filename 'stimuli/scenes/scene_U1.jpg' exists. This will be used instead but changing the filename is advised.
36.8987 	WARNING 	Requested image 'stimuli/scenes/scene_U2.png' not found but similar filename 'stimuli/scenes/scene_U2.jpg' exists. This will be used instead but changing the filename is advised.
