8.1602 	WARNING 	Requested an unavailable screen number - using first available.
8.1622 	WARNING 	User requested fullscreen with size [1920 1080], but screen is actually [2560, 1440]. Using actual size
13.0599 	WARNING 	Font b'Open Sans' was requested. No similar font found.
13.0647 	WARNING 	Font b'Open Sans' was requested. No similar font found.
13.0866 	WARNING 	Font b'Open Sans' was requested. No similar font found.
13.0916 	WARNING 	Font b'Open Sans' was requested. No similar font found.
13.0959 	WARNING 	Font b'Open Sans' was requested. No similar font found.
13.1002 	WARNING 	Font b'Open Sans' was requested. No similar font found.
13.1044 	WARNING 	Font b'Open Sans' was requested. No similar font found.
13.1086 	WARNING 	Font b'Open Sans' was requested. No similar font found.
13.1536 	WARNING 	Font b'Open Sans' was requested. No similar font found.
13.1780 	WARNING 	Font b'Open Sans' was requested. No similar font found.
13.1823 	WARNING 	Font b'Open Sans' was requested. No similar font found.
13.2030 	WARNING 	Font b'Open Sans' was requested. No similar font found.
13.2112 	WARNING 	Font b'Open Sans' was requested. No similar font found.
13.2277 	WARNING 	Font b'Open Sans' was requested. No similar font found.
13.2746 	WARNING 	Font b'Open Sans' was requested. No similar font found.
13.2789 	WARNING 	Font b'Open Sans' was requested. No similar font found.
13.2829 	WARNING 	Font b'Open Sans' was requested. No similar font found.
13.2873 	WARNING 	Font b'Open Sans' was requested. No similar font found.
13.2915 	WARNING 	Font b'Open Sans' was requested. No similar font found.
13.2960 	WARNING 	Font b'Open Sans' was requested. No similar font found.
75.0065 	WARNING 	Requested image 'stimuli/scenes/scene_J1.png' not found but similar filename 'stimuli/scenes/scene_J1.jpg' exists. This will be used instead but changing the filename is advised.
75.0290 	WARNING 	Requested image 'stimuli/scenes/scene_J2.png' not found but similar filename 'stimuli/scenes/scene_J2.jpg' exists. This will be used instead but changing the filename is advised.
75.0526 	WARNING 	Requested image 'stimuli/scenes/scene_U1.png' not found but similar filename 'stimuli/scenes/scene_U1.jpg' exists. This will be used instead but changing the filename is advised.
75.0718 	WARNING 	Requested image 'stimuli/scenes/scene_U2.png' not found but similar filename 'stimuli/scenes/scene_U2.jpg' exists. This will be used instead but changing the filename is advised.
