9.6462 	WARNING 	Requested an unavailable screen number - using first available.
9.6482 	WARNING 	User requested fullscreen with size [1920 1080], but screen is actually [2560, 1440]. Using actual size
14.4325 	WARNING 	Font b'Open Sans' was requested. No similar font found.
14.4373 	WARNING 	Font b'Open Sans' was requested. No similar font found.
14.4582 	WARNING 	Font b'Open Sans' was requested. No similar font found.
14.4622 	WARNING 	Font b'Open Sans' was requested. No similar font found.
14.4663 	WARNING 	Font b'Open Sans' was requested. No similar font found.
14.4703 	WARNING 	Font b'Open Sans' was requested. No similar font found.
14.4743 	WARNING 	Font b'Open Sans' was requested. No similar font found.
14.4782 	WARNING 	Font b'Open Sans' was requested. No similar font found.
14.5193 	WARNING 	Font b'Open Sans' was requested. No similar font found.
14.5418 	WARNING 	Font b'Open Sans' was requested. No similar font found.
14.5459 	WARNING 	Font b'Open Sans' was requested. No similar font found.
14.5659 	WARNING 	Font b'Open Sans' was requested. No similar font found.
14.5733 	WARNING 	Font b'Open Sans' was requested. No similar font found.
14.5894 	WARNING 	Font b'Open Sans' was requested. No similar font found.
14.6356 	WARNING 	Font b'Open Sans' was requested. No similar font found.
14.6398 	WARNING 	Font b'Open Sans' was requested. No similar font found.
14.6439 	WARNING 	Font b'Open Sans' was requested. No similar font found.
14.6483 	WARNING 	Font b'Open Sans' was requested. No similar font found.
14.6522 	WARNING 	Font b'Open Sans' was requested. No similar font found.
14.6563 	WARNING 	Font b'Open Sans' was requested. No similar font found.
19.9244 	WARNING 	Requested image 'stimuli/scenes/scene_J1.png' not found but similar filename 'stimuli/scenes/scene_J1.jpg' exists. This will be used instead but changing the filename is advised.
19.9931 	WARNING 	Requested image 'stimuli/scenes/scene_J2.png' not found but similar filename 'stimuli/scenes/scene_J2.jpg' exists. This will be used instead but changing the filename is advised.
20.0394 	WARNING 	Requested image 'stimuli/scenes/scene_U1.png' not found but similar filename 'stimuli/scenes/scene_U1.jpg' exists. This will be used instead but changing the filename is advised.
20.1259 	WARNING 	Requested image 'stimuli/scenes/scene_U2.png' not found but similar filename 'stimuli/scenes/scene_U2.jpg' exists. This will be used instead but changing the filename is advised.
