8.3925 	WARNING 	Requested an unavailable screen number - using first available.
8.3978 	WARNING 	User requested fullscreen with size [1920 1080], but screen is actually [2560, 1440]. Using actual size
13.1670 	WARNING 	Font b'Open Sans' was requested. No similar font found.
13.1717 	WARNING 	Font b'Open Sans' was requested. No similar font found.
13.1927 	WARNING 	Font b'Open Sans' was requested. No similar font found.
13.1968 	WARNING 	Font b'Open Sans' was requested. No similar font found.
13.2009 	WARNING 	Font b'Open Sans' was requested. No similar font found.
13.2050 	WARNING 	Font b'Open Sans' was requested. No similar font found.
13.2091 	WARNING 	Font b'Open Sans' was requested. No similar font found.
13.2131 	WARNING 	Font b'Open Sans' was requested. No similar font found.
13.2543 	WARNING 	Font b'Open Sans' was requested. No similar font found.
13.2771 	WARNING 	Font b'Open Sans' was requested. No similar font found.
13.2813 	WARNING 	Font b'Open Sans' was requested. No similar font found.
13.3015 	WARNING 	Font b'Open Sans' was requested. No similar font found.
13.3093 	WARNING 	Font b'Open Sans' was requested. No similar font found.
13.3258 	WARNING 	Font b'Open Sans' was requested. No similar font found.
13.3715 	WARNING 	Font b'Open Sans' was requested. No similar font found.
13.3759 	WARNING 	Font b'Open Sans' was requested. No similar font found.
13.3800 	WARNING 	Font b'Open Sans' was requested. No similar font found.
13.3845 	WARNING 	Font b'Open Sans' was requested. No similar font found.
13.3886 	WARNING 	Font b'Open Sans' was requested. No similar font found.
13.3929 	WARNING 	Font b'Open Sans' was requested. No similar font found.
58.4710 	WARNING 	Requested image 'stimuli/scenes/scene_J1.png' not found but similar filename 'stimuli/scenes/scene_J1.jpg' exists. This will be used instead but changing the filename is advised.
58.4932 	WARNING 	Requested image 'stimuli/scenes/scene_J2.png' not found but similar filename 'stimuli/scenes/scene_J2.jpg' exists. This will be used instead but changing the filename is advised.
58.5165 	WARNING 	Requested image 'stimuli/scenes/scene_U1.png' not found but similar filename 'stimuli/scenes/scene_U1.jpg' exists. This will be used instead but changing the filename is advised.
58.5362 	WARNING 	Requested image 'stimuli/scenes/scene_U2.png' not found but similar filename 'stimuli/scenes/scene_U2.jpg' exists. This will be used instead but changing the filename is advised.
