10.2387 	WARNING 	Requested an unavailable screen number - using first available.
10.2408 	WARNING 	User requested fullscreen with size [1920 1080], but screen is actually [2560, 1440]. Using actual size
15.0435 	WARNING 	Font b'Open Sans' was requested. No similar font found.
15.0484 	WARNING 	Font b'Open Sans' was requested. No similar font found.
15.0696 	WARNING 	Font b'Open Sans' was requested. No similar font found.
15.0737 	WARNING 	Font b'Open Sans' was requested. No similar font found.
15.0779 	WARNING 	Font b'Open Sans' was requested. No similar font found.
15.0822 	WARNING 	Font b'Open Sans' was requested. No similar font found.
15.0863 	WARNING 	Font b'Open Sans' was requested. No similar font found.
15.0904 	WARNING 	Font b'Open Sans' was requested. No similar font found.
15.1325 	WARNING 	Font b'Open Sans' was requested. No similar font found.
15.1555 	WARNING 	Font b'Open Sans' was requested. No similar font found.
15.1598 	WARNING 	Font b'Open Sans' was requested. No similar font found.
15.1799 	WARNING 	Font b'Open Sans' was requested. No similar font found.
15.1876 	WARNING 	Font b'Open Sans' was requested. No similar font found.
15.2043 	WARNING 	Font b'Open Sans' was requested. No similar font found.
15.2506 	WARNING 	Font b'Open Sans' was requested. No similar font found.
15.2550 	WARNING 	Font b'Open Sans' was requested. No similar font found.
15.2592 	WARNING 	Font b'Open Sans' was requested. No similar font found.
15.2638 	WARNING 	Font b'Open Sans' was requested. No similar font found.
15.2678 	WARNING 	Font b'Open Sans' was requested. No similar font found.
15.2724 	WARNING 	Font b'Open Sans' was requested. No similar font found.
24.4348 	WARNING 	Requested image 'stimuli/scenes/scene_J1.png' not found but similar filename 'stimuli/scenes/scene_J1.jpg' exists. This will be used instead but changing the filename is advised.
24.5069 	WARNING 	Requested image 'stimuli/scenes/scene_J2.png' not found but similar filename 'stimuli/scenes/scene_J2.jpg' exists. This will be used instead but changing the filename is advised.
24.5599 	WARNING 	Requested image 'stimuli/scenes/scene_U1.png' not found but similar filename 'stimuli/scenes/scene_U1.jpg' exists. This will be used instead but changing the filename is advised.
24.5957 	WARNING 	Requested image 'stimuli/scenes/scene_U2.png' not found but similar filename 'stimuli/scenes/scene_U2.jpg' exists. This will be used instead but changing the filename is advised.
