7.0687 	WARNING 	Requested an unavailable screen number - using first available.
7.0706 	WARNING 	User requested fullscreen with size [1920 1080], but screen is actually [2560, 1440]. Using actual size
11.8478 	WARNING 	Font b'Open Sans' was requested. No similar font found.
11.8524 	WARNING 	Font b'Open Sans' was requested. No similar font found.
11.8731 	WARNING 	Font b'Open Sans' was requested. No similar font found.
11.8772 	WARNING 	Font b'Open Sans' was requested. No similar font found.
11.8812 	WARNING 	Font b'Open Sans' was requested. No similar font found.
11.8851 	WARNING 	Font b'Open Sans' was requested. No similar font found.
11.8891 	WARNING 	Font b'Open Sans' was requested. No similar font found.
11.8930 	WARNING 	Font b'Open Sans' was requested. No similar font found.
11.9368 	WARNING 	Font b'Open Sans' was requested. No similar font found.
11.9592 	WARNING 	Font b'Open Sans' was requested. No similar font found.
11.9633 	WARNING 	Font b'Open Sans' was requested. No similar font found.
11.9832 	WARNING 	Font b'Open Sans' was requested. No similar font found.
11.9909 	WARNING 	Font b'Open Sans' was requested. No similar font found.
12.0072 	WARNING 	Font b'Open Sans' was requested. No similar font found.
12.0525 	WARNING 	Font b'Open Sans' was requested. No similar font found.
12.0567 	WARNING 	Font b'Open Sans' was requested. No similar font found.
12.0607 	WARNING 	Font b'Open Sans' was requested. No similar font found.
12.0651 	WARNING 	Font b'Open Sans' was requested. No similar font found.
12.0691 	WARNING 	Font b'Open Sans' was requested. No similar font found.
12.0733 	WARNING 	Font b'Open Sans' was requested. No similar font found.
14.5533 	WARNING 	Requested image 'stimuli/scenes/scene_J1.png' not found but similar filename 'stimuli/scenes/scene_J1.jpg' exists. This will be used instead but changing the filename is advised.
14.5762 	WARNING 	Requested image 'stimuli/scenes/scene_J2.png' not found but similar filename 'stimuli/scenes/scene_J2.jpg' exists. This will be used instead but changing the filename is advised.
14.6012 	WARNING 	Requested image 'stimuli/scenes/scene_U1.png' not found but similar filename 'stimuli/scenes/scene_U1.jpg' exists. This will be used instead but changing the filename is advised.
14.6297 	WARNING 	Requested image 'stimuli/scenes/scene_U2.png' not found but similar filename 'stimuli/scenes/scene_U2.jpg' exists. This will be used instead but changing the filename is advised.
