5.7617 	WARNING 	Requested an unavailable screen number - using first available.
5.7650 	WARNING 	User requested fullscreen with size [1920 1080], but screen is actually [2560, 1440]. Using actual size
10.5703 	WARNING 	Font b'Open Sans' was requested. No similar font found.
10.5750 	WARNING 	Font b'Open Sans' was requested. No similar font found.
10.5956 	WARNING 	Font b'Open Sans' was requested. No similar font found.
10.5996 	WARNING 	Font b'Open Sans' was requested. No similar font found.
10.6036 	WARNING 	Font b'Open Sans' was requested. No similar font found.
10.6076 	WARNING 	Font b'Open Sans' was requested. No similar font found.
10.6116 	WARNING 	Font b'Open Sans' was requested. No similar font found.
10.6155 	WARNING 	Font b'Open Sans' was requested. No similar font found.
10.6658 	WARNING 	Font b'Open Sans' was requested. No similar font found.
10.6881 	WARNING 	Font b'Open Sans' was requested. No similar font found.
10.6921 	WARNING 	Font b'Open Sans' was requested. No similar font found.
10.7122 	WARNING 	Font b'Open Sans' was requested. No similar font found.
10.7198 	WARNING 	Font b'Open Sans' was requested. No similar font found.
10.7357 	WARNING 	Font b'Open Sans' was requested. No similar font found.
10.7821 	WARNING 	Font b'Open Sans' was requested. No similar font found.
10.7864 	WARNING 	Font b'Open Sans' was requested. No similar font found.
10.7904 	WARNING 	Font b'Open Sans' was requested. No similar font found.
10.7949 	WARNING 	Font b'Open Sans' was requested. No similar font found.
10.7988 	WARNING 	Font b'Open Sans' was requested. No similar font found.
10.8031 	WARNING 	Font b'Open Sans' was requested. No similar font found.
4.0609 	WARNING 	Requested image 'stimuli/scenes/scene_J1.png' not found but similar filename 'stimuli/scenes/scene_J1.jpg' exists. This will be used instead but changing the filename is advised.
4.1149 	WARNING 	Requested image 'stimuli/scenes/scene_J2.png' not found but similar filename 'stimuli/scenes/scene_J2.jpg' exists. This will be used instead but changing the filename is advised.
4.1683 	WARNING 	Requested image 'stimuli/scenes/scene_U1.png' not found but similar filename 'stimuli/scenes/scene_U1.jpg' exists. This will be used instead but changing the filename is advised.
4.2002 	WARNING 	Requested image 'stimuli/scenes/scene_U2.png' not found but similar filename 'stimuli/scenes/scene_U2.jpg' exists. This will be used instead but changing the filename is advised.
