5.4921 	WARNING 	Requested an unavailable screen number - using first available.
5.4960 	WARNING 	User requested fullscreen with size [1920 1080], but screen is actually [2560, 1440]. Using actual size
10.2370 	WARNING 	Font b'Open Sans' was requested. No similar font found.
10.2416 	WARNING 	Font b'Open Sans' was requested. No similar font found.
10.2621 	WARNING 	Font b'Open Sans' was requested. No similar font found.
10.2660 	WARNING 	Font b'Open Sans' was requested. No similar font found.
10.2698 	WARNING 	Font b'Open Sans' was requested. No similar font found.
10.2738 	WARNING 	Font b'Open Sans' was requested. No similar font found.
10.2777 	WARNING 	Font b'Open Sans' was requested. No similar font found.
10.2815 	WARNING 	Font b'Open Sans' was requested. No similar font found.
10.3222 	WARNING 	Font b'Open Sans' was requested. No similar font found.
10.3443 	WARNING 	Font b'Open Sans' was requested. No similar font found.
10.3483 	WARNING 	Font b'Open Sans' was requested. No similar font found.
10.3681 	WARNING 	Font b'Open Sans' was requested. No similar font found.
10.3754 	WARNING 	Font b'Open Sans' was requested. No similar font found.
10.3912 	WARNING 	Font b'Open Sans' was requested. No similar font found.
10.4363 	WARNING 	Font b'Open Sans' was requested. No similar font found.
10.4404 	WARNING 	Font b'Open Sans' was requested. No similar font found.
10.4443 	WARNING 	Font b'Open Sans' was requested. No similar font found.
10.4485 	WARNING 	Font b'Open Sans' was requested. No similar font found.
10.4524 	WARNING 	Font b'Open Sans' was requested. No similar font found.
10.4565 	WARNING 	Font b'Open Sans' was requested. No similar font found.
3.3384 	WARNING 	Requested image 'stimuli/scenes/scene_J1.png' not found but similar filename 'stimuli/scenes/scene_J1.jpg' exists. This will be used instead but changing the filename is advised.
3.3594 	WARNING 	Requested image 'stimuli/scenes/scene_J2.png' not found but similar filename 'stimuli/scenes/scene_J2.jpg' exists. This will be used instead but changing the filename is advised.
3.3797 	WARNING 	Requested image 'stimuli/scenes/scene_U1.png' not found but similar filename 'stimuli/scenes/scene_U1.jpg' exists. This will be used instead but changing the filename is advised.
3.3979 	WARNING 	Requested image 'stimuli/scenes/scene_U2.png' not found but similar filename 'stimuli/scenes/scene_U2.jpg' exists. This will be used instead but changing the filename is advised.
