95.4698 	WARNING 	Requested an unavailable screen number - using first available.
95.4736 	WARNING 	User requested fullscreen with size [1920 1080], but screen is actually [2560, 1440]. Using actual size
100.3599 	WARNING 	Font b'Open Sans' was requested. No similar font found.
100.3645 	WARNING 	Font b'Open Sans' was requested. No similar font found.
100.3849 	WARNING 	Font b'Open Sans' was requested. No similar font found.
100.3888 	WARNING 	Font b'Open Sans' was requested. No similar font found.
100.3928 	WARNING 	Font b'Open Sans' was requested. No similar font found.
100.3967 	WARNING 	Font b'Open Sans' was requested. No similar font found.
100.4006 	WARNING 	Font b'Open Sans' was requested. No similar font found.
100.4044 	WARNING 	Font b'Open Sans' was requested. No similar font found.
100.4448 	WARNING 	Font b'Open Sans' was requested. No similar font found.
100.4671 	WARNING 	Font b'Open Sans' was requested. No similar font found.
100.4711 	WARNING 	Font b'Open Sans' was requested. No similar font found.
100.4910 	WARNING 	Font b'Open Sans' was requested. No similar font found.
100.4983 	WARNING 	Font b'Open Sans' was requested. No similar font found.
100.5142 	WARNING 	Font b'Open Sans' was requested. No similar font found.
100.5604 	WARNING 	Font b'Open Sans' was requested. No similar font found.
100.5646 	WARNING 	Font b'Open Sans' was requested. No similar font found.
100.5686 	WARNING 	Font b'Open Sans' was requested. No similar font found.
100.5729 	WARNING 	Font b'Open Sans' was requested. No similar font found.
100.5768 	WARNING 	Font b'Open Sans' was requested. No similar font found.
100.5810 	WARNING 	Font b'Open Sans' was requested. No similar font found.
6.1059 	WARNING 	Requested image 'stimuli/scenes/scene_J1.png' not found but similar filename 'stimuli/scenes/scene_J1.jpg' exists. This will be used instead but changing the filename is advised.
6.1519 	WARNING 	Requested image 'stimuli/scenes/scene_J2.png' not found but similar filename 'stimuli/scenes/scene_J2.jpg' exists. This will be used instead but changing the filename is advised.
6.1887 	WARNING 	Requested image 'stimuli/scenes/scene_U1.png' not found but similar filename 'stimuli/scenes/scene_U1.jpg' exists. This will be used instead but changing the filename is advised.
6.2287 	WARNING 	Requested image 'stimuli/scenes/scene_U2.png' not found but similar filename 'stimuli/scenes/scene_U2.jpg' exists. This will be used instead but changing the filename is advised.
